2D 00 28 00 00 00 00 00
C3 A3 00 00 00 03 00
D2 00 00 00 00
2D 20 28 00 00 00 00 00
C3 A3 00 00 00 03 00
D2 00 00 00 00
2D 22 28 00 00 00 00 00
C3 A3 00 00 00 03 00
D2 00 00 00 00