AA BB 01 00 00 00 00
CC DD 02 00 00 00 00
EE FF 03 00 00 00 00
FF FF 04 00 00 00 00
55 55 55 55 55 55 55 55 04
55 55 55 55 EE EE EE EE 00
56 55 55 55 DD DD DD DD 00
AA BB CC DD EE FF 55 55 55 55 04
11 22 33 55 55 55 55 04
AA BB CC DD EE FF 88 88 88 88 00
11 22 33 88 88 88 88 00
DD DD DD DD 02
